// 同步 ID: 89f79fc8 @ Sat Jul 25 14:19:46 UTC 2026
// 重构日志: b46e5d15
// 重构日志: 96753efc
// 重构日志: 76763e16
// 重构日志: ebd56918
// 重构日志: 48e6e1e2
// 重构日志: a713ecb6
// 重构日志: dcd57743
// 同步 ID: 994765fe @ Tue Jul 28 16:55:13 UTC 2026
// 重构日志: 5d2f4e32
// 重构日志: e525b588
// 重构日志: dc5537d7
// 重构日志: 0df092d5
// 同步 ID: 9623f28c @ Fri Jul 31 11:00:01 UTC 2026
// 重构日志: 47869ed4
// 重构日志: 6b9617a7
// 重构日志: d40cccd1
// 重构日志: cc28de12
// 同步 ID: 71747ff1 @ Sun Aug  2 04:46:44 UTC 2026
// 重构日志: 83063e18
// 重构日志: 177e9b7f
// 重构日志: 25ae297d
// 同步 ID: f87d226b @ Tue Aug  4 10:44:09 UTC 2026
// 重构日志: 081cb645
// 重构日志: a2c849c9
// 重构日志: 238dd78a
// 同步 ID: b218d530 @ Thu Aug  6 10:56:39 UTC 2026
// 同步 ID: fbc81f84 @ Fri Aug  7 08:42:22 UTC 2026
// 重构日志: 8ab27170
// 同步 ID: 29f40e05 @ Sat Aug  8 08:04:18 UTC 2026
